=== RUN   TestBlacklist_Operations

[12:36:07] [inf] blacklist: loaded 0 ip addresses and 0 ip masks

[12:36:07] [inf] blacklist: loaded 1 ip addresses and 1 ip masks
--- PASS: TestBlacklist_Operations (0.00s)
=== RUN   TestBotGuard_AnalyzeRequest

[12:36:07] [inf] BotGuard sensitivity set to: medium

[12:36:07] [war] [BotGuard] Bot detected - IP: 192.0.2.1, UA: Mozilla/5.0 (compatible; Googlebot/2.1; +http://www.google.com/bot.html), Score: 50/50

[12:36:07] [inf] BotGuard sensitivity set to: high

[12:36:07] [war] [BotGuard] Bot detected - IP: 1.2.3.4, UA: Mozilla/5.0, Score: 30/30
    botguard_test.go:71: Rate limit bot detected!
--- PASS: TestBotGuard_AnalyzeRequest (0.00s)
=== RUN   TestBotGuard_TLS
--- PASS: TestBotGuard_TLS (0.00s)
=== RUN   TestConfig_TrustedProxies
--- PASS: TestConfig_TrustedProxies (0.00s)
=== RUN   TestGetRealIP
=== RUN   TestGetRealIP/No_Trusted_Proxies_-_RemoteAddr_used
=== RUN   TestGetRealIP/Trusted_IP_-_X-Forwarded-For_used
=== RUN   TestGetRealIP/Trusted_IP_(CIDR_mismatch)_-_X-Forwarded-For_ignored
=== RUN   TestGetRealIP/Untrusted_IP_-_X-Forwarded-For_ignored
=== RUN   TestGetRealIP/Multi-XFF_-_First_IP_used
=== RUN   TestGetRealIP/Single_IP_Trusted_Proxy_Match
--- PASS: TestGetRealIP (0.00s)
    --- PASS: TestGetRealIP/No_Trusted_Proxies_-_RemoteAddr_used (0.00s)
    --- PASS: TestGetRealIP/Trusted_IP_-_X-Forwarded-For_used (0.00s)
    --- PASS: TestGetRealIP/Trusted_IP_(CIDR_mismatch)_-_X-Forwarded-For_ignored (0.00s)
    --- PASS: TestGetRealIP/Untrusted_IP_-_X-Forwarded-For_ignored (0.00s)
    --- PASS: TestGetRealIP/Multi-XFF_-_First_IP_used (0.00s)
    --- PASS: TestGetRealIP/Single_IP_Trusted_Proxy_Match (0.00s)
=== RUN   TestHttpProxy_Integration_Serve

[12:36:07] [inf] blacklist mode set to: unauth

[12:36:07] [inf] unauthorized request redirection URL set to: https://www.youtube.com/watch?v=dQw4w9WgXcQ

[12:36:07] [inf] https port set to: 443

[12:36:07] [inf] dns port set to: 53

[12:36:07] [inf] autocert is now enabled

[12:36:07] [inf] blacklist: loaded 0 ip addresses and 0 ip masks

[12:36:07] [inf] whitelist: loaded 0 ip addresses and 0 ip masks

[12:36:07] [dbg] [JA3] Loaded 14 known bot signatures

[12:36:07] [inf] Generated new session cookie name: oqqV
1.7695353676413927e+09	info	maintenance	started background certificate maintenance	{"cache": "0xc000053c00"}

[12:36:07] [inf] ML bot detector enabled with threshold: 0.85

[12:36:07] [inf] JA3/JA3S TLS fingerprinting enabled with 14 known bot signatures
    http_proxy_test.go:108: Phishing request status: 500
--- PASS: TestHttpProxy_Integration_Serve (0.72s)
=== RUN   TestPhishlet_Parse
--- PASS: TestPhishlet_Parse (0.00s)
=== RUN   TestPolymorphicEngine_Mutate
=== RUN   TestPolymorphicEngine_Mutate/Variable_Renaming

[12:36:08] [dbg] Polymorphic mutation completed in 0s
=== RUN   TestPolymorphicEngine_Mutate/String_Encryption

[12:36:08] [dbg] Polymorphic mutation completed in 516.9┬╡s

[12:36:08] [dbg] Polymorphic mutation completed in 0s
=== RUN   TestPolymorphicEngine_Mutate/Math_Expression

[12:36:08] [dbg] Polymorphic mutation completed in 0s
--- PASS: TestPolymorphicEngine_Mutate (0.00s)
    --- PASS: TestPolymorphicEngine_Mutate/Variable_Renaming (0.00s)
    --- PASS: TestPolymorphicEngine_Mutate/String_Encryption (0.00s)
    --- PASS: TestPolymorphicEngine_Mutate/Math_Expression (0.00s)
=== RUN   TestPolymorphicEngine_Cache

[12:36:08] [dbg] Polymorphic mutation completed in 0s

[12:36:08] [dbg] Polymorphic mutation completed in 518.7┬╡s
--- PASS: TestPolymorphicEngine_Cache (0.00s)
=== RUN   TestMiddlewareChain_Basic
--- PASS: TestMiddlewareChain_Basic (0.00s)
=== RUN   TestIPMiddleware_Blacklist

[12:36:08] [inf] blacklist: loaded 0 ip addresses and 0 ip masks
--- PASS: TestIPMiddleware_Blacklist (0.00s)
=== RUN   TestSession_Creation
--- PASS: TestSession_Creation (0.00s)
=== RUN   TestSession_CookieAuth
--- PASS: TestSession_CookieAuth (0.00s)
=== RUN   TestSession_Capture
--- PASS: TestSession_Capture (0.00s)
=== RUN   TestTerminal_Config

[12:36:08] [inf] blacklist mode set to: unauth

[12:36:08] [inf] unauthorized request redirection URL set to: https://www.youtube.com/watch?v=dQw4w9WgXcQ

[12:36:08] [inf] https port set to: 443

[12:36:08] [inf] dns port set to: 53

[12:36:08] [inf] autocert is now enabled

[12:36:08] [inf] server domain set to: example.com
    terminal_test.go:50: Expected 'example.com' in output, got: 

[12:36:08] [inf] server external IP set to: 1.2.3.4
--- FAIL: TestTerminal_Config (0.01s)
=== RUN   TestTerminal_Phishlets

[12:36:08] [inf] blacklist mode set to: unauth

[12:36:08] [inf] unauthorized request redirection URL set to: https://www.youtube.com/watch?v=dQw4w9WgXcQ

[12:36:08] [inf] https port set to: 443

[12:36:08] [inf] dns port set to: 53

[12:36:08] [inf] autocert is now enabled

[12:36:08] [inf] phishlet 'test' hostname set to: example.com

[12:36:08] [inf] disabled phishlet 'test'

[12:36:08] [inf] disabled phishlet 'test'
--- PASS: TestTerminal_Phishlets (0.01s)
=== RUN   TestWhitelist_Operations

[12:36:08] [inf] whitelist: loaded 0 ip addresses and 0 ip masks

[12:36:08] [inf] whitelist: loaded 0 ip addresses and 1 ip masks
--- PASS: TestWhitelist_Operations (0.00s)
FAIL
FAIL	github.com/kgretzky/evilginx2/core	0.859s
FAIL
